{
  "version": "1.5.0",
  "plugins_used": [
    {"name": "ArtifactoryDetector"},
    {"name": "AWSKeyDetector"},
    {"name": "AzureStorageKeyDetector"},
    {"name": "Base64HighEntropyString", "limit": 4.5},
    {"name": "BasicAuthDetector"},
    {"name": "CloudantDetector"},
    {"name": "DiscordBotTokenDetector"},
    {"name": "GitHubTokenDetector"},
    {"name": "GitLabTokenDetector"},
    {"name": "HexHighEntropyString", "limit": 3.0},
    {"name": "IbmCloudIamDetector"},
    {"name": "IbmCosHmacDetector"},
    {"name": "IPPublicDetector"},
    {"name": "JwtTokenDetector"},
    {"name": "KeywordDetector", "keyword_exclude": ""},
    {"name": "MailchimpDetector"},
    {"name": "NpmDetector"},
    {"name": "OpenAIDetector"},
    {"name": "PrivateKeyDetector"},
    {"name": "PypiTokenDetector"},
    {"name": "SendGridDetector"},
    {"name": "SlackDetector"},
    {"name": "SoftlayerDetector"},
    {"name": "SquareOAuthDetector"},
    {"name": "StripeDetector"},
    {"name": "TelegramBotTokenDetector"},
    {"name": "TwilioKeyDetector"}
  ],
  "filters_used": [
    {"path": "detect_secrets.filters.allowlist.is_line_allowlisted"},
    {"path": "detect_secrets.filters.common.is_ignored_due_to_verification_policies", "min_level": 2},
    {"path": "detect_secrets.filters.heuristic.is_indirect_reference"},
    {"path": "detect_secrets.filters.heuristic.is_likely_id_string"},
    {"path": "detect_secrets.filters.heuristic.is_lock_file"},
    {"path": "detect_secrets.filters.heuristic.is_not_alphanumeric_string"},
    {"path": "detect_secrets.filters.heuristic.is_potential_uuid"},
    {"path": "detect_secrets.filters.heuristic.is_prefixed_with_dollar_sign"},
    {"path": "detect_secrets.filters.heuristic.is_sequential_string"},
    {"path": "detect_secrets.filters.heuristic.is_swagger_file"},
    {"path": "detect_secrets.filters.heuristic.is_templated_secret"},
    {"path": "detect_secrets.filters.regex.should_exclude_file", "pattern": ["^\\.git/"]}
  ],
  "results": {
    ".github/workflows/ci.yml": [
      {"type": "Secret Keyword", "digest_bytes": [13, 133, 253, 178, 115, 122, 15, 42, 131, 220, 134, 138, 165, 83, 252, 108, 142, 149, 43, 155], "is_verified": false, "line_number": 37, "classification": "CI-only test fixture"},
      {"type": "Basic Auth Credentials", "digest_bytes": [13, 133, 253, 178, 115, 122, 15, 42, 131, 220, 134, 138, 165, 83, 252, 108, 142, 149, 43, 155], "is_verified": false, "line_number": 47, "classification": "CI-only test fixture"},
      {"type": "Hex High Entropy String", "digest_bytes": [228, 184, 47, 234, 147, 86, 221, 0, 170, 27, 84, 164, 61, 252, 88, 139, 139, 209, 94, 210], "is_verified": false, "line_number": 50, "classification": "governed commit SHA false positive"},
      {"type": "Hex High Entropy String", "digest_bytes": [47, 189, 113, 52, 19, 254, 63, 109, 177, 210, 143, 126, 39, 154, 76, 113, 101, 176, 140, 2], "is_verified": false, "line_number": 51, "classification": "governed commit SHA false positive"},
      {"type": "Hex High Entropy String", "digest_bytes": [165, 156, 175, 2, 247, 145, 246, 50, 226, 110, 90, 158, 84, 53, 156, 9, 62, 31, 130, 167], "is_verified": false, "line_number": 69, "classification": "governed base SHA false positive"}
    ],
    "BACKEND/identity/authentication.py": [
      {"type": "Secret Keyword", "digest_bytes": [166, 19, 117, 110, 3, 1, 73, 67, 27, 3, 55, 232, 179, 166, 198, 36, 64, 235, 93, 220], "is_verified": false, "line_number": 13, "classification": "public enum/configuration label"}
    ],
    "BACKEND/identity/models.py": [
      {"type": "Secret Keyword", "digest_bytes": [91, 170, 97, 228, 201, 185, 63, 63, 6, 130, 37, 11, 108, 248, 51, 27, 126, 230, 143, 216], "is_verified": false, "line_number": 60, "classification": "public authentication-method enum label"}
    ],
    "BACKEND/routes/authentication.py": [
      {"type": "Secret Keyword", "digest_bytes": [30, 210, 82, 61, 108, 100, 37, 81, 155, 242, 170, 218, 245, 124, 49, 69, 26, 121, 7, 232], "is_verified": false, "line_number": 122, "classification": "public capability response key"}
    ],
    "README.md": [
      {"type": "Basic Auth Credentials", "digest_bytes": [91, 170, 97, 228, 201, 185, 63, 63, 6, 130, 37, 11, 108, 248, 51, 27, 126, 230, 143, 216], "is_verified": false, "line_number": 80, "classification": "documentation-only localhost example"}
    ],
    "tests/integration/test_account_access_foundation.py": [
      {"type": "Secret Keyword", "digest_bytes": [171, 247, 170, 214, 67, 136, 54, 219, 229, 38, 170, 35, 26, 189, 226, 208, 238, 247, 77, 66], "is_verified": false, "line_number": 141, "classification": "synthetic authentication credential test fixture"},
      {"type": "Secret Keyword", "digest_bytes": [232, 179, 210, 122, 63, 110, 70, 61, 185, 65, 154, 83, 48, 167, 182, 190, 223, 1, 80, 162], "is_verified": false, "line_number": 157, "classification": "synthetic authentication credential test fixture"},
      {"type": "Secret Keyword", "digest_bytes": [168, 244, 52, 110, 187, 157, 222, 174, 29, 173, 76, 22, 202, 12, 36, 133, 246, 124, 193, 124], "is_verified": false, "line_number": 210, "classification": "synthetic authentication credential test fixture"}
    ],
    "tests/integration/test_authentication_runtime.py": [
      {"type": "Secret Keyword", "digest_bytes": [171, 247, 170, 214, 67, 136, 54, 219, 229, 38, 170, 35, 26, 189, 226, 208, 238, 247, 77, 66], "is_verified": false, "line_number": 52, "classification": "synthetic authentication credential test fixture"}
    ],
    "tests/integration/test_identity_access_increment_2.py": [
      {"type": "Secret Keyword", "digest_bytes": [166, 170, 32, 163, 97, 128, 15, 162, 249, 17, 176, 95, 127, 55, 235, 203, 0, 191, 112, 148], "is_verified": false, "line_number": 29, "classification": "synthetic bootstrap-secret test fixture"},
      {"type": "Secret Keyword", "digest_bytes": [125, 238, 177, 181, 32, 169, 93, 23, 235, 47, 76, 245, 155, 5, 213, 197, 249, 231, 30, 77], "is_verified": false, "line_number": 162, "classification": "synthetic authentication credential test fixture"},
      {"type": "Secret Keyword", "digest_bytes": [71, 186, 144, 227, 200, 32, 230, 172, 84, 21, 180, 17, 103, 167, 209, 16, 71, 219, 192, 207], "is_verified": false, "line_number": 252, "classification": "synthetic authentication credential test fixture"},
      {"type": "Secret Keyword", "digest_bytes": [130, 59, 64, 209, 129, 86, 205, 185, 43, 146, 229, 51, 239, 148, 251, 91, 167, 106, 101, 125], "is_verified": false, "line_number": 287, "classification": "synthetic authentication credential test fixture"},
      {"type": "Secret Keyword", "digest_bytes": [72, 79, 11, 54, 92, 126, 114, 169, 206, 81, 206, 183, 129, 130, 230, 57, 208, 31, 116, 161], "is_verified": false, "line_number": 331, "classification": "synthetic authentication credential test fixture"},
      {"type": "Secret Keyword", "digest_bytes": [245, 182, 106, 211, 104, 61, 175, 159, 31, 106, 194, 253, 158, 233, 225, 127, 194, 212, 23, 116], "is_verified": false, "line_number": 344, "classification": "synthetic authentication credential test fixture"},
      {"type": "Secret Keyword", "digest_bytes": [113, 40, 153, 110, 250, 120, 96, 62, 41, 170, 161, 190, 102, 69, 31, 198, 202, 30, 162, 152], "is_verified": false, "line_number": 362, "classification": "synthetic authentication credential test fixture"},
      {"type": "Secret Keyword", "digest_bytes": [32, 234, 88, 90, 206, 24, 23, 52, 90, 129, 250, 81, 162, 40, 205, 248, 106, 69, 238, 15], "is_verified": false, "line_number": 376, "classification": "synthetic authentication credential test fixture"},
      {"type": "Secret Keyword", "digest_bytes": [219, 50, 71, 201, 155, 33, 59, 177, 64, 161, 192, 42, 103, 36, 187, 60, 35, 149, 129, 120], "is_verified": false, "line_number": 410, "classification": "synthetic authentication credential test fixture"},
      {"type": "Secret Keyword", "digest_bytes": [18, 18, 120, 197, 125, 19, 66, 96, 79, 224, 63, 48, 189, 187, 170, 185, 125, 158, 109, 176], "is_verified": false, "line_number": 462, "classification": "synthetic authentication credential test fixture"},
      {"type": "Secret Keyword", "digest_bytes": [91, 141, 159, 187, 192, 191, 69, 219, 143, 43, 253, 106, 70, 21, 73, 238, 61, 146, 219, 92], "is_verified": false, "line_number": 488, "classification": "synthetic authentication credential test fixture"},
      {"type": "Secret Keyword", "digest_bytes": [151, 43, 200, 9, 171, 134, 4, 206, 101, 112, 223, 237, 191, 26, 185, 144, 119, 110, 198, 17], "is_verified": false, "line_number": 517, "classification": "synthetic authentication credential test fixture"}
    ],
    "tests/test_audit_contracts.py": [
      {"type": "Secret Keyword", "digest_bytes": [169, 50, 106, 24, 214, 43, 86, 233, 115, 23, 140, 178, 7, 165, 54, 102, 126, 233, 80, 232], "is_verified": false, "line_number": 52, "classification": "synthetic redaction test fixture"}
    ],
    "tests/test_authentication_runtime.py": [
      {"type": "Secret Keyword", "digest_bytes": [171, 247, 170, 214, 67, 136, 54, 219, 229, 38, 170, 35, 26, 189, 226, 208, 238, 247, 77, 66], "is_verified": false, "line_number": 143, "classification": "synthetic authentication credential test fixture"},
      {"type": "Secret Keyword", "digest_bytes": [30, 210, 82, 61, 108, 100, 37, 81, 155, 242, 170, 218, 245, 124, 49, 69, 26, 121, 7, 232], "is_verified": false, "line_number": 175, "classification": "public capability-response label assertion"},
      {"type": "Secret Keyword", "digest_bytes": [160, 244, 234, 125, 145, 73, 93, 249, 43, 186, 194, 226, 20, 157, 251, 133, 15, 232, 19, 150], "is_verified": false, "line_number": 206, "classification": "synthetic authentication credential test fixture"}
    ],
    "tests/test_q3_continuation3_identity_finance_coverage.py": [
      {"type": "Secret Keyword", "digest_bytes": [171, 247, 170, 214, 67, 136, 54, 219, 229, 38, 170, 35, 26, 189, 226, 208, 238, 247, 77, 66], "is_verified": false, "line_number": 129, "classification": "synthetic authentication credential test fixture"},
      {"type": "Secret Keyword", "digest_bytes": [172, 97, 148, 244, 130, 255, 64, 43, 39, 83, 91, 217, 17, 252, 150, 47, 73, 84, 169, 242], "is_verified": false, "line_number": 188, "classification": "synthetic authentication credential test fixture"},
      {"type": "Secret Keyword", "digest_bytes": [207, 160, 172, 6, 24, 8, 116, 160, 218, 114, 163, 218, 149, 102, 155, 156, 118, 149, 240, 129], "is_verified": false, "line_number": 205, "classification": "synthetic authentication credential test fixture"},
      {"type": "Secret Keyword", "digest_bytes": [134, 197, 228, 53, 219, 129, 227, 91, 171, 143, 156, 245, 118, 235, 224, 127, 158, 179, 231, 158], "is_verified": false, "line_number": 236, "classification": "synthetic authentication credential test fixture"}
    ],
    "tests/test_restore_certification.py": [
      {"type": "Basic Auth Credentials", "digest_bytes": [229, 233, 250, 27, 163, 30, 205, 26, 232, 79, 117, 202, 170, 71, 79, 58, 102, 63, 5, 244], "is_verified": false, "line_number": 17, "classification": "synthetic URL-normalization test fixture"}
    ]
  },
  "inventory_fingerprint_bytes": [114, 104, 135, 137, 49, 164, 201, 112, 207, 200, 244, 202, 254, 69, 12, 124, 63, 107, 214, 174, 97, 89, 136, 5, 126, 38, 203, 205, 183, 62, 253, 73],
  "review": {
    "authority": "Founder/CTO",
    "target_sha_bytes": [201, 48, 18, 27, 12, 114, 221, 207, 64, 173, 167, 32, 171, 124, 129, 16, 89, 24, 68, 246],
    "finding_count": 34,
    "genuine_or_uncertain_findings": 0,
    "future_updates_require_separate_security_review": true
  }
}
