{
  "version": "1.5.0",
  "plugins_used": [
    {"name": "ArtifactoryDetector"},
    {"name": "AWSKeyDetector"},
    {"name": "AzureStorageKeyDetector"},
    {"name": "Base64HighEntropyString", "limit": 4.5},
    {"name": "BasicAuthDetector"},
    {"name": "CloudantDetector"},
    {"name": "DiscordBotTokenDetector"},
    {"name": "GitHubTokenDetector"},
    {"name": "GitLabTokenDetector"},
    {"name": "HexHighEntropyString", "limit": 3.0},
    {"name": "IbmCloudIamDetector"},
    {"name": "IbmCosHmacDetector"},
    {"name": "IPPublicDetector"},
    {"name": "JwtTokenDetector"},
    {"name": "KeywordDetector", "keyword_exclude": ""},
    {"name": "MailchimpDetector"},
    {"name": "NpmDetector"},
    {"name": "OpenAIDetector"},
    {"name": "PrivateKeyDetector"},
    {"name": "PypiTokenDetector"},
    {"name": "SendGridDetector"},
    {"name": "SlackDetector"},
    {"name": "SoftlayerDetector"},
    {"name": "SquareOAuthDetector"},
    {"name": "StripeDetector"},
    {"name": "TelegramBotTokenDetector"},
    {"name": "TwilioKeyDetector"}
  ],
  "filters_used": [
    {"path": "detect_secrets.filters.allowlist.is_line_allowlisted"},
    {"path": "detect_secrets.filters.common.is_ignored_due_to_verification_policies", "min_level": 2},
    {"path": "detect_secrets.filters.heuristic.is_indirect_reference"},
    {"path": "detect_secrets.filters.heuristic.is_likely_id_string"},
    {"path": "detect_secrets.filters.heuristic.is_lock_file"},
    {"path": "detect_secrets.filters.heuristic.is_not_alphanumeric_string"},
    {"path": "detect_secrets.filters.heuristic.is_potential_uuid"},
    {"path": "detect_secrets.filters.heuristic.is_prefixed_with_dollar_sign"},
    {"path": "detect_secrets.filters.heuristic.is_sequential_string"},
    {"path": "detect_secrets.filters.heuristic.is_swagger_file"},
    {"path": "detect_secrets.filters.heuristic.is_templated_secret"},
    {"path": "detect_secrets.filters.regex.should_exclude_file", "pattern": ["^\\.git/"]}
  ],
  "results": {
    ".github/workflows/ci.yml": [
      {"type": "Secret Keyword", "digest_bytes": [13, 133, 253, 178, 115, 122, 15, 42, 131, 220, 134, 138, 165, 83, 252, 108, 142, 149, 43, 155], "is_verified": false, "line_number": 37, "classification": "CI-only test fixture"},
      {"type": "Basic Auth Credentials", "digest_bytes": [13, 133, 253, 178, 115, 122, 15, 42, 131, 220, 134, 138, 165, 83, 252, 108, 142, 149, 43, 155], "is_verified": false, "line_number": 47, "classification": "CI-only test fixture"},
      {"type": "Hex High Entropy String", "digest_bytes": [228, 184, 47, 234, 147, 86, 221, 0, 170, 27, 84, 164, 61, 252, 88, 139, 139, 209, 94, 210], "is_verified": false, "line_number": 50, "classification": "governed commit SHA false positive"},
      {"type": "Hex High Entropy String", "digest_bytes": [47, 189, 113, 52, 19, 254, 63, 109, 177, 210, 143, 126, 39, 154, 76, 113, 101, 176, 140, 2], "is_verified": false, "line_number": 51, "classification": "governed commit SHA false positive"},
      {"type": "Hex High Entropy String", "digest_bytes": [165, 156, 175, 2, 247, 145, 246, 50, 226, 110, 90, 158, 84, 53, 156, 9, 62, 31, 130, 167], "is_verified": false, "line_number": 69, "classification": "governed base SHA false positive"}
    ],
    "BACKEND/identity/authentication.py": [
      {"type": "Secret Keyword", "digest_bytes": [166, 19, 117, 110, 3, 1, 73, 67, 27, 3, 55, 232, 179, 166, 198, 36, 64, 235, 93, 220], "is_verified": false, "line_number": 13, "classification": "public enum/configuration label"}
    ],
    "BACKEND/identity/models.py": [
      {"type": "Secret Keyword", "digest_bytes": [91, 170, 97, 228, 201, 185, 63, 63, 6, 130, 37, 11, 108, 248, 51, 27, 126, 230, 143, 216], "is_verified": false, "line_number": 60, "classification": "public authentication-method enum label"}
    ],
    "BACKEND/routes/authentication.py": [
      {"type": "Secret Keyword", "digest_bytes": [30, 210, 82, 61, 108, 100, 37, 81, 155, 242, 170, 218, 245, 124, 49, 69, 26, 121, 7, 232], "is_verified": false, "line_number": 122, "classification": "public capability response key"}
    ],
    "README.md": [
      {"type": "Basic Auth Credentials", "digest_bytes": [91, 170, 97, 228, 201, 185, 63, 63, 6, 130, 37, 11, 108, 248, 51, 27, 126, 230, 143, 216], "is_verified": false, "line_number": 80, "classification": "documentation-only localhost example"}
    ],
    "tests/test_audit_contracts.py": [
      {"type": "Secret Keyword", "digest_bytes": [169, 50, 106, 24, 214, 43, 86, 233, 115, 23, 140, 178, 7, 165, 54, 102, 126, 233, 80, 232], "is_verified": false, "line_number": 52, "classification": "synthetic redaction test fixture"}
    ],
    "tests/test_restore_certification.py": [
      {"type": "Basic Auth Credentials", "digest_bytes": [229, 233, 250, 27, 163, 30, 205, 26, 232, 79, 117, 202, 170, 71, 79, 58, 102, 63, 5, 244], "is_verified": false, "line_number": 17, "classification": "synthetic URL-normalization test fixture"}
    ]
  },
  "inventory_fingerprint_bytes": [106, 133, 223, 162, 120, 184, 136, 155, 73, 101, 142, 82, 111, 254, 213, 225, 129, 32, 251, 66, 44, 33, 56, 142, 0, 217, 238, 24, 243, 147, 190, 68],
  "review": {
    "authority": "Founder/CTO",
    "target_sha_bytes": [142, 97, 255, 109, 106, 233, 74, 47, 76, 176, 238, 17, 110, 34, 95, 171, 199, 49, 49, 129],
    "finding_count": 11,
    "genuine_or_uncertain_findings": 0,
    "future_updates_require_separate_security_review": true
  }
}
